[ 2026-08-12 07:41:12,835 ] asyncio - DEBUG - Using selector: EpollSelector
[ 2026-08-12 07:41:15,162 ] root - INFO - Entered the start_data_ingestion method of TrainPipeline class
[ 2026-08-12 07:41:15,162 ] root - INFO - Getting the data from mongodb
[ 2026-08-12 07:41:15,162 ] root - INFO - Entered initiate_data_ingestion method of Data_Ingestion class
[ 2026-08-12 07:41:15,162 ] root - INFO - Exporting data from mongodb
[ 2026-08-12 07:41:15,166 ] pymongo.topology - DEBUG - {"message": "Starting topology monitoring", "topologyId": {"$oid": "6a7bf96be940cfac26471a0e"}}
[ 2026-08-12 07:41:15,167 ] pymongo.topology - DEBUG - {"message": "Topology description changed", "topologyId": {"$oid": "6a7bf96be940cfac26471a0e"}, "previousDescription": "<TopologyDescription id: 6a7bf96be940cfac26471a0e, topology_type: Unknown, servers: []>", "newDescription": "<TopologyDescription id: 6a7bf96be940cfac26471a0e, topology_type: Unknown, servers: [<ServerDescription ('localhost', 27017) server_type: Unknown, rtt: None>]>"}
[ 2026-08-12 07:41:15,167 ] pymongo.topology - DEBUG - {"message": "Starting server monitoring", "topologyId": {"$oid": "6a7bf96be940cfac26471a0e"}, "serverHost": "localhost", "serverPort": 27017}
[ 2026-08-12 07:41:15,167 ] pymongo.connection - DEBUG - {"message": "Connection pool created", "clientId": {"$oid": "6a7bf96be940cfac26471a0e"}, "serverHost": "localhost", "serverPort": 27017}
[ 2026-08-12 07:41:15,168 ] root - INFO - MongoDB connection succesfull
[ 2026-08-12 07:41:15,168 ] pymongo.serverSelection - DEBUG - {"message": "Server selection started", "selector": "Primary()", "operation": "find", "topologyDescription": "<TopologyDescription id: 6a7bf96be940cfac26471a0e, topology_type: Unknown, servers: [<ServerDescription ('localhost', 27017) server_type: Unknown, rtt: None>]>", "clientId": {"$oid": "6a7bf96be940cfac26471a0e"}}
[ 2026-08-12 07:41:15,169 ] pymongo.serverSelection - DEBUG - {"message": "Waiting for suitable server to become available", "selector": "Primary()", "operation": "find", "topologyDescription": "<TopologyDescription id: 6a7bf96be940cfac26471a0e, topology_type: Unknown, servers: [<ServerDescription ('localhost', 27017) server_type: Unknown, rtt: None>]>", "clientId": {"$oid": "6a7bf96be940cfac26471a0e"}, "remainingTimeMS": 29999}
[ 2026-08-12 07:41:15,169 ] pymongo.topology - DEBUG - {"message": "Server heartbeat started", "topologyId": {"$oid": "6a7bf96be940cfac26471a0e"}, "driverConnectionId": 1, "serverHost": "localhost", "serverPort": 27017, "awaited": false}
[ 2026-08-12 07:41:15,170 ] pymongo.topology - DEBUG - {"message": "Server heartbeat succeeded", "topologyId": {"$oid": "6a7bf96be940cfac26471a0e"}, "driverConnectionId": 1, "serverConnectionId": 14, "serverHost": "localhost", "serverPort": 27017, "awaited": false, "durationMS": 0.7584759996461798, "reply": "{\"helloOk\": true, \"ismaster\": true, \"topologyVersion\": {\"processId\": {\"$oid\": \"6a7bf5861101ffe5bc71b84b\"}}, \"maxBsonObjectSize\": 16777216, \"maxMessageSizeBytes\": 48000000, \"maxWriteBatchSize\": 100000, \"localTime\": {\"$date\": \"2026-08-12T04:41:15.170Z\"}, \"logicalSessionTimeoutMinutes\": 30, \"connectionId\": 14, \"maxWireVersion\": 25, \"ok\": 1.0}"}
[ 2026-08-12 07:41:15,171 ] pymongo.connection - DEBUG - {"message": "Connection pool ready", "clientId": {"$oid": "6a7bf96be940cfac26471a0e"}, "serverHost": "localhost", "serverPort": 27017}
[ 2026-08-12 07:41:15,171 ] pymongo.topology - DEBUG - {"message": "Topology description changed", "topologyId": {"$oid": "6a7bf96be940cfac26471a0e"}, "previousDescription": "<TopologyDescription id: 6a7bf96be940cfac26471a0e, topology_type: Unknown, servers: [<ServerDescription ('localhost', 27017) server_type: Unknown, rtt: None>]>", "newDescription": "<TopologyDescription id: 6a7bf96be940cfac26471a0e, topology_type: Single, servers: [<ServerDescription ('localhost', 27017) server_type: Standalone, rtt: 0.0007584759996461798>]>"}
[ 2026-08-12 07:41:15,171 ] pymongo.serverSelection - DEBUG - {"message": "Server selection succeeded", "selector": "Primary()", "operation": "find", "topologyDescription": "<TopologyDescription id: 6a7bf96be940cfac26471a0e, topology_type: Single, servers: [<ServerDescription ('localhost', 27017) server_type: Standalone, rtt: 0.0007584759996461798>]>", "clientId": {"$oid": "6a7bf96be940cfac26471a0e"}, "serverHost": "localhost", "serverPort": 27017}
[ 2026-08-12 07:41:15,172 ] pymongo.connection - DEBUG - {"message": "Connection checkout started", "clientId": {"$oid": "6a7bf96be940cfac26471a0e"}, "serverHost": "localhost", "serverPort": 27017}
[ 2026-08-12 07:41:15,172 ] pymongo.connection - DEBUG - {"message": "Connection created", "clientId": {"$oid": "6a7bf96be940cfac26471a0e"}, "serverHost": "localhost", "serverPort": 27017, "driverConnectionId": 1}
[ 2026-08-12 07:41:15,172 ] pymongo.topology - DEBUG - {"message": "Server heartbeat started", "topologyId": {"$oid": "6a7bf96be940cfac26471a0e"}, "driverConnectionId": 1, "serverConnectionId": 14, "serverHost": "localhost", "serverPort": 27017, "awaited": true}
[ 2026-08-12 07:41:15,173 ] pymongo.connection - DEBUG - {"message": "Connection ready", "clientId": {"$oid": "6a7bf96be940cfac26471a0e"}, "serverHost": "localhost", "serverPort": 27017, "driverConnectionId": 1, "durationMS": 0.00027087200032838155}
[ 2026-08-12 07:41:15,173 ] pymongo.connection - DEBUG - {"message": "Connection checked out", "clientId": {"$oid": "6a7bf96be940cfac26471a0e"}, "serverHost": "localhost", "serverPort": 27017, "driverConnectionId": 1, "durationMS": 0.0016569459994570934}
[ 2026-08-12 07:41:15,174 ] pymongo.command - DEBUG - {"message": "Command started", "clientId": {"$oid": "6a7bf96be940cfac26471a0e"}, "command": "{\"find\": \"visa_data\", \"lsid\": {\"id\": {\"$binary\": {\"base64\": \"yzJBnOktQgK4CEeN15qxDg==\", \"subType\": \"04\"}}}, \"$db\": \"US_VISA\"}", "commandName": "find", "databaseName": "US_VISA", "requestId": 1957747793, "operationId": 1957747793, "driverConnectionId": 1, "serverConnectionId": 16, "serverHost": "localhost", "serverPort": 27017}
[ 2026-08-12 07:41:15,175 ] pymongo.command - DEBUG - {"message": "Command succeeded", "clientId": {"$oid": "6a7bf96be940cfac26471a0e"}, "durationMS": 1.159, "reply": "{\"cursor\": {\"firstBatch\": [{\"_id\": {\"$oid\": \"6a795157a560056f5666483d\"}, \"case_id\": \"EZYV01\", \"continent\": \"Asia\", \"education_of_employee\": \"High School\", \"has_job_experience\": \"N\", \"requires_job_training\": \"N\", \"no_of_employees\": 14513, \"yr_of_estab\": 2007, \"region_of_employment\": \"West\", \"prevailing_wage\": 592.2029, \"unit_of_wage\": \"Hour\", \"full_time_position\": \"Y\", \"case_status\": \"Denied\"}, {\"_id\": {\"$oid\": \"6a795157a560056f5666483e\"}, \"case_id\": \"EZYV02\", \"continent\": \"Asia\", \"education_of_employee\": \"Master's\", \"has_job_experience\": \"Y\", \"requires_job_training\": \"N\", \"no_of_employees\": 2412, \"yr_of_estab\": 2002, \"region_of_employment\": \"Northeast\", \"prevailing_wage\": 83425.65, \"unit_of_wage\": \"Year\", \"full_time_position\": \"Y\", \"case_status\": \"Certified\"}, {\"_id\": {\"$oid\": \"6a795157a560056f5666483f\"}, \"case_id\": \"EZYV03\", \"continent\": \"Asia\", \"education_of_employee\": \"Bachelor's\", \"has_job_experience\": \"N\", \"requires_job_training\": \"Y\", \"no_of_employees\": 44444, \"yr_of_estab\": 2008...", "commandName": "find", "databaseName": "US_VISA", "requestId": 1957747793, "operationId": 1957747793, "driverConnectionId": 1, "serverConnectionId": 16, "serverHost": "localhost", "serverPort": 27017}
[ 2026-08-12 07:41:15,177 ] pymongo.connection - DEBUG - {"message": "Connection checked in", "clientId": {"$oid": "6a7bf96be940cfac26471a0e"}, "serverHost": "localhost", "serverPort": 27017, "driverConnectionId": 1}
[ 2026-08-12 07:41:15,177 ] pymongo.serverSelection - DEBUG - {"message": "Server selection started", "selector": "<function any_server_selector at 0x7b70e679d4e0>", "operation": "getMore", "topologyDescription": "<TopologyDescription id: 6a7bf96be940cfac26471a0e, topology_type: Single, servers: [<ServerDescription ('localhost', 27017) server_type: Standalone, rtt: 0.0007584759996461798>]>", "clientId": {"$oid": "6a7bf96be940cfac26471a0e"}}
[ 2026-08-12 07:41:15,178 ] pymongo.serverSelection - DEBUG - {"message": "Server selection succeeded", "selector": "<function any_server_selector at 0x7b70e679d4e0>", "operation": "getMore", "topologyDescription": "<TopologyDescription id: 6a7bf96be940cfac26471a0e, topology_type: Single, servers: [<ServerDescription ('localhost', 27017) server_type: Standalone, rtt: 0.0007584759996461798>]>", "clientId": {"$oid": "6a7bf96be940cfac26471a0e"}, "serverHost": "localhost", "serverPort": 27017}
[ 2026-08-12 07:41:15,178 ] pymongo.connection - DEBUG - {"message": "Connection checkout started", "clientId": {"$oid": "6a7bf96be940cfac26471a0e"}, "serverHost": "localhost", "serverPort": 27017}
[ 2026-08-12 07:41:15,178 ] pymongo.connection - DEBUG - {"message": "Connection checked out", "clientId": {"$oid": "6a7bf96be940cfac26471a0e"}, "serverHost": "localhost", "serverPort": 27017, "driverConnectionId": 1, "durationMS": 0.0001486389992351178}
[ 2026-08-12 07:41:15,178 ] pymongo.command - DEBUG - {"message": "Command started", "clientId": {"$oid": "6a7bf96be940cfac26471a0e"}, "command": "{\"getMore\": 7700090353406082398, \"collection\": \"visa_data\", \"lsid\": {\"id\": {\"$binary\": {\"base64\": \"yzJBnOktQgK4CEeN15qxDg==\", \"subType\": \"04\"}}}, \"$db\": \"US_VISA\"}", "commandName": "getMore", "databaseName": "US_VISA", "requestId": 424238335, "operationId": 424238335, "driverConnectionId": 1, "serverConnectionId": 16, "serverHost": "localhost", "serverPort": 27017}
[ 2026-08-12 07:41:15,339 ] pymongo.command - DEBUG - {"message": "Command succeeded", "clientId": {"$oid": "6a7bf96be940cfac26471a0e"}, "durationMS": 160.195, "reply": "{\"cursor\": {\"nextBatch\": [{\"_id\": {\"$oid\": \"6a795157a560056f566648a2\"}, \"case_id\": \"EZYV102\", \"continent\": \"Asia\", \"education_of_employee\": \"Master's\", \"has_job_experience\": \"Y\", \"requires_job_training\": \"N\", \"no_of_employees\": 334, \"yr_of_estab\": 2007, \"region_of_employment\": \"Midwest\", \"prevailing_wage\": 43421.88, \"unit_of_wage\": \"Year\", \"full_time_position\": \"Y\", \"case_status\": \"Certified\"}, {\"_id\": {\"$oid\": \"6a795157a560056f566648a3\"}, \"case_id\": \"EZYV103\", \"continent\": \"Asia\", \"education_of_employee\": \"Bachelor's\", \"has_job_experience\": \"Y\", \"requires_job_training\": \"N\", \"no_of_employees\": 224, \"yr_of_estab\": 2008, \"region_of_employment\": \"Midwest\", \"prevailing_wage\": 80253.78, \"unit_of_wage\": \"Year\", \"full_time_position\": \"Y\", \"case_status\": \"Certified\"}, {\"_id\": {\"$oid\": \"6a795157a560056f566648a4\"}, \"case_id\": \"EZYV104\", \"continent\": \"Asia\", \"education_of_employee\": \"Doctorate\", \"has_job_experience\": \"Y\", \"requires_job_training\": \"N\", \"no_of_employees\": 367, \"yr_of_estab\": 1982,...", "commandName": "getMore", "databaseName": "US_VISA", "requestId": 424238335, "operationId": 424238335, "driverConnectionId": 1, "serverConnectionId": 16, "serverHost": "localhost", "serverPort": 27017}
[ 2026-08-12 07:41:15,339 ] pymongo.connection - DEBUG - {"message": "Connection checked in", "clientId": {"$oid": "6a7bf96be940cfac26471a0e"}, "serverHost": "localhost", "serverPort": 27017, "driverConnectionId": 1}
[ 2026-08-12 07:41:15,549 ] root - INFO - Shape of dataframe: (25480, 12)
[ 2026-08-12 07:41:15,550 ] root - INFO - Saving exported data into feature store file path: artifact/08_12_2026_07_41_11/data_ingestion/feature_store/usvisa.csv
[ 2026-08-12 07:41:15,694 ] root - INFO - Got the data from mongodb
[ 2026-08-12 07:41:15,694 ] root - INFO - Entered split_data_as_train_test method of Data_Ingestion class
[ 2026-08-12 07:41:15,711 ] root - INFO - Performed train test split on the dataframe
[ 2026-08-12 07:41:15,711 ] root - INFO - Exited split_data_as_train_test method of Data_Ingestion class
[ 2026-08-12 07:41:15,712 ] root - INFO - Exporting train and test file path.
[ 2026-08-12 07:41:15,834 ] root - INFO - Exported train and test file path.
[ 2026-08-12 07:41:15,834 ] root - INFO - Performed train test split on the dataset
[ 2026-08-12 07:41:15,834 ] root - INFO - Exited initiate_data_ingestion method of Data_Ingestion class
[ 2026-08-12 07:41:15,834 ] root - INFO - Data ingestion artifact: DataIngestionArtifact(trained_file_path='artifact/08_12_2026_07_41_11/data_ingestion/ingested/train.csv', test_file_path='artifact/08_12_2026_07_41_11/data_ingestion/ingested/test.csv')
[ 2026-08-12 07:41:15,834 ] root - INFO - Got the train_set and test_set from mongodb
[ 2026-08-12 07:41:15,834 ] root - INFO - Exited the start_data_ingestion method of TrainPipeline class
[ 2026-08-12 07:41:15,834 ] root - INFO - Entered the start_data_validation method of TrainPipeline class
[ 2026-08-12 07:41:15,838 ] root - INFO - Starting data validation
[ 2026-08-12 07:41:15,903 ] root - INFO - Is required column present: [True]
[ 2026-08-12 07:41:15,903 ] root - INFO - All required columns present in training dataframe: True
[ 2026-08-12 07:41:15,903 ] root - INFO - Is required column present: [True]
[ 2026-08-12 07:41:15,903 ] root - INFO - All required columns present in testing dataframe: True
[ 2026-08-12 07:41:18,008 ] root - INFO - 0/12 drift detected.
[ 2026-08-12 07:41:18,011 ] root - INFO - Data validation artifact: DataValidationArtifact(validation_status=True, message='Drift not detected', drift_report_file_path='artifact/08_12_2026_07_41_11/data_validation/drift_report/report.yaml')
[ 2026-08-12 07:41:18,012 ] root - INFO - Performed the data validation operation
[ 2026-08-12 07:41:18,012 ] root - INFO - Exited the start_data_validation method of TrainPipeline class
[ 2026-08-12 07:41:18,209 ] pymongo.topology - DEBUG - {"message": "Server heartbeat failed", "topologyId": {"$oid": "6a7bf96be940cfac26471a0e"}, "serverHost": "localhost", "serverPort": 27017, "awaited": true, "durationMS": 3037.338049999562, "failure": "\"_OperationCancelled('operation cancelled')\"", "driverConnectionId": 1}
