[ 2026-08-11 10:35:03,791 ] asyncio - DEBUG - Using selector: EpollSelector
[ 2026-08-11 10:35:05,049 ] root - INFO - Entered the start_data_ingestion method of TrainPipeline class
[ 2026-08-11 10:35:05,049 ] root - INFO - Getting the data from mongodb
[ 2026-08-11 10:35:05,049 ] root - INFO - Entered initiate_data_ingestion method of Data_Ingestion class
[ 2026-08-11 10:35:05,050 ] root - INFO - Exporting data from mongodb
[ 2026-08-11 10:35:05,051 ] pymongo.topology - DEBUG - {"message": "Starting topology monitoring", "topologyId": {"$oid": "6a7ad0a984d5010e0b091c90"}}
[ 2026-08-11 10:35:05,051 ] pymongo.topology - DEBUG - {"message": "Topology description changed", "topologyId": {"$oid": "6a7ad0a984d5010e0b091c90"}, "previousDescription": "<TopologyDescription id: 6a7ad0a984d5010e0b091c90, topology_type: Unknown, servers: []>", "newDescription": "<TopologyDescription id: 6a7ad0a984d5010e0b091c90, topology_type: Unknown, servers: [<ServerDescription ('localhost', 27017) server_type: Unknown, rtt: None>]>"}
[ 2026-08-11 10:35:05,052 ] pymongo.topology - DEBUG - {"message": "Starting server monitoring", "topologyId": {"$oid": "6a7ad0a984d5010e0b091c90"}, "serverHost": "localhost", "serverPort": 27017}
[ 2026-08-11 10:35:05,052 ] pymongo.connection - DEBUG - {"message": "Connection pool created", "clientId": {"$oid": "6a7ad0a984d5010e0b091c90"}, "serverHost": "localhost", "serverPort": 27017}
[ 2026-08-11 10:35:05,053 ] root - INFO - MongoDB connection succesfull
[ 2026-08-11 10:35:05,054 ] pymongo.serverSelection - DEBUG - {"message": "Server selection started", "selector": "Primary()", "operation": "find", "topologyDescription": "<TopologyDescription id: 6a7ad0a984d5010e0b091c90, topology_type: Unknown, servers: [<ServerDescription ('localhost', 27017) server_type: Unknown, rtt: None>]>", "clientId": {"$oid": "6a7ad0a984d5010e0b091c90"}}
[ 2026-08-11 10:35:05,054 ] pymongo.serverSelection - DEBUG - {"message": "Waiting for suitable server to become available", "selector": "Primary()", "operation": "find", "topologyDescription": "<TopologyDescription id: 6a7ad0a984d5010e0b091c90, topology_type: Unknown, servers: [<ServerDescription ('localhost', 27017) server_type: Unknown, rtt: None>]>", "clientId": {"$oid": "6a7ad0a984d5010e0b091c90"}, "remainingTimeMS": 29999}
[ 2026-08-11 10:35:05,054 ] pymongo.topology - DEBUG - {"message": "Server heartbeat started", "topologyId": {"$oid": "6a7ad0a984d5010e0b091c90"}, "driverConnectionId": 1, "serverHost": "localhost", "serverPort": 27017, "awaited": false}
[ 2026-08-11 10:35:05,055 ] pymongo.topology - DEBUG - {"message": "Server heartbeat succeeded", "topologyId": {"$oid": "6a7ad0a984d5010e0b091c90"}, "driverConnectionId": 1, "serverConnectionId": 68, "serverHost": "localhost", "serverPort": 27017, "awaited": false, "durationMS": 0.5076939996797591, "reply": "{\"helloOk\": true, \"ismaster\": true, \"topologyVersion\": {\"processId\": {\"$oid\": \"6a7acf7b5f7d1dc63005b051\"}}, \"maxBsonObjectSize\": 16777216, \"maxMessageSizeBytes\": 48000000, \"maxWriteBatchSize\": 100000, \"localTime\": {\"$date\": \"2026-08-11T07:35:05.055Z\"}, \"logicalSessionTimeoutMinutes\": 30, \"connectionId\": 68, \"maxWireVersion\": 25, \"ok\": 1.0}"}
[ 2026-08-11 10:35:05,055 ] pymongo.connection - DEBUG - {"message": "Connection pool ready", "clientId": {"$oid": "6a7ad0a984d5010e0b091c90"}, "serverHost": "localhost", "serverPort": 27017}
[ 2026-08-11 10:35:05,056 ] pymongo.topology - DEBUG - {"message": "Topology description changed", "topologyId": {"$oid": "6a7ad0a984d5010e0b091c90"}, "previousDescription": "<TopologyDescription id: 6a7ad0a984d5010e0b091c90, topology_type: Unknown, servers: [<ServerDescription ('localhost', 27017) server_type: Unknown, rtt: None>]>", "newDescription": "<TopologyDescription id: 6a7ad0a984d5010e0b091c90, topology_type: Single, servers: [<ServerDescription ('localhost', 27017) server_type: Standalone, rtt: 0.0005076939996797591>]>"}
[ 2026-08-11 10:35:05,056 ] pymongo.serverSelection - DEBUG - {"message": "Server selection succeeded", "selector": "Primary()", "operation": "find", "topologyDescription": "<TopologyDescription id: 6a7ad0a984d5010e0b091c90, topology_type: Single, servers: [<ServerDescription ('localhost', 27017) server_type: Standalone, rtt: 0.0005076939996797591>]>", "clientId": {"$oid": "6a7ad0a984d5010e0b091c90"}, "serverHost": "localhost", "serverPort": 27017}
[ 2026-08-11 10:35:05,056 ] pymongo.connection - DEBUG - {"message": "Connection checkout started", "clientId": {"$oid": "6a7ad0a984d5010e0b091c90"}, "serverHost": "localhost", "serverPort": 27017}
[ 2026-08-11 10:35:05,056 ] pymongo.connection - DEBUG - {"message": "Connection created", "clientId": {"$oid": "6a7ad0a984d5010e0b091c90"}, "serverHost": "localhost", "serverPort": 27017, "driverConnectionId": 1}
[ 2026-08-11 10:35:05,057 ] pymongo.topology - DEBUG - {"message": "Server heartbeat started", "topologyId": {"$oid": "6a7ad0a984d5010e0b091c90"}, "driverConnectionId": 1, "serverConnectionId": 68, "serverHost": "localhost", "serverPort": 27017, "awaited": true}
[ 2026-08-11 10:35:05,058 ] pymongo.connection - DEBUG - {"message": "Connection ready", "clientId": {"$oid": "6a7ad0a984d5010e0b091c90"}, "serverHost": "localhost", "serverPort": 27017, "driverConnectionId": 1, "durationMS": 0.00048134800090338103}
[ 2026-08-11 10:35:05,058 ] pymongo.connection - DEBUG - {"message": "Connection checked out", "clientId": {"$oid": "6a7ad0a984d5010e0b091c90"}, "serverHost": "localhost", "serverPort": 27017, "driverConnectionId": 1, "durationMS": 0.0022900980002305005}
[ 2026-08-11 10:35:05,059 ] pymongo.command - DEBUG - {"message": "Command started", "clientId": {"$oid": "6a7ad0a984d5010e0b091c90"}, "command": "{\"find\": \"visa_data\", \"lsid\": {\"id\": {\"$binary\": {\"base64\": \"+/FoxdvuTpqDrQ6hKXVOjQ==\", \"subType\": \"04\"}}}, \"$db\": \"US_VISA\"}", "commandName": "find", "databaseName": "US_VISA", "requestId": 1957747793, "operationId": 1957747793, "driverConnectionId": 1, "serverConnectionId": 70, "serverHost": "localhost", "serverPort": 27017}
[ 2026-08-11 10:35:05,060 ] pymongo.command - DEBUG - {"message": "Command succeeded", "clientId": {"$oid": "6a7ad0a984d5010e0b091c90"}, "durationMS": 1.1039999999999999, "reply": "{\"cursor\": {\"firstBatch\": [{\"_id\": {\"$oid\": \"6a795157a560056f5666483d\"}, \"case_id\": \"EZYV01\", \"continent\": \"Asia\", \"education_of_employee\": \"High School\", \"has_job_experience\": \"N\", \"requires_job_training\": \"N\", \"no_of_employees\": 14513, \"yr_of_estab\": 2007, \"region_of_employment\": \"West\", \"prevailing_wage\": 592.2029, \"unit_of_wage\": \"Hour\", \"full_time_position\": \"Y\", \"case_status\": \"Denied\"}, {\"_id\": {\"$oid\": \"6a795157a560056f5666483e\"}, \"case_id\": \"EZYV02\", \"continent\": \"Asia\", \"education_of_employee\": \"Master's\", \"has_job_experience\": \"Y\", \"requires_job_training\": \"N\", \"no_of_employees\": 2412, \"yr_of_estab\": 2002, \"region_of_employment\": \"Northeast\", \"prevailing_wage\": 83425.65, \"unit_of_wage\": \"Year\", \"full_time_position\": \"Y\", \"case_status\": \"Certified\"}, {\"_id\": {\"$oid\": \"6a795157a560056f5666483f\"}, \"case_id\": \"EZYV03\", \"continent\": \"Asia\", \"education_of_employee\": \"Bachelor's\", \"has_job_experience\": \"N\", \"requires_job_training\": \"Y\", \"no_of_employees\": 44444, \"yr_of_estab\": 2008...", "commandName": "find", "databaseName": "US_VISA", "requestId": 1957747793, "operationId": 1957747793, "driverConnectionId": 1, "serverConnectionId": 70, "serverHost": "localhost", "serverPort": 27017}
[ 2026-08-11 10:35:05,060 ] pymongo.connection - DEBUG - {"message": "Connection checked in", "clientId": {"$oid": "6a7ad0a984d5010e0b091c90"}, "serverHost": "localhost", "serverPort": 27017, "driverConnectionId": 1}
[ 2026-08-11 10:35:05,061 ] pymongo.serverSelection - DEBUG - {"message": "Server selection started", "selector": "<function any_server_selector at 0x7145a633a660>", "operation": "getMore", "topologyDescription": "<TopologyDescription id: 6a7ad0a984d5010e0b091c90, topology_type: Single, servers: [<ServerDescription ('localhost', 27017) server_type: Standalone, rtt: 0.0005076939996797591>]>", "clientId": {"$oid": "6a7ad0a984d5010e0b091c90"}}
[ 2026-08-11 10:35:05,061 ] pymongo.serverSelection - DEBUG - {"message": "Server selection succeeded", "selector": "<function any_server_selector at 0x7145a633a660>", "operation": "getMore", "topologyDescription": "<TopologyDescription id: 6a7ad0a984d5010e0b091c90, topology_type: Single, servers: [<ServerDescription ('localhost', 27017) server_type: Standalone, rtt: 0.0005076939996797591>]>", "clientId": {"$oid": "6a7ad0a984d5010e0b091c90"}, "serverHost": "localhost", "serverPort": 27017}
[ 2026-08-11 10:35:05,061 ] pymongo.connection - DEBUG - {"message": "Connection checkout started", "clientId": {"$oid": "6a7ad0a984d5010e0b091c90"}, "serverHost": "localhost", "serverPort": 27017}
[ 2026-08-11 10:35:05,061 ] pymongo.connection - DEBUG - {"message": "Connection checked out", "clientId": {"$oid": "6a7ad0a984d5010e0b091c90"}, "serverHost": "localhost", "serverPort": 27017, "driverConnectionId": 1, "durationMS": 0.00014544399891747162}
[ 2026-08-11 10:35:05,061 ] pymongo.command - DEBUG - {"message": "Command started", "clientId": {"$oid": "6a7ad0a984d5010e0b091c90"}, "command": "{\"getMore\": 3707700700278433817, \"collection\": \"visa_data\", \"lsid\": {\"id\": {\"$binary\": {\"base64\": \"+/FoxdvuTpqDrQ6hKXVOjQ==\", \"subType\": \"04\"}}}, \"$db\": \"US_VISA\"}", "commandName": "getMore", "databaseName": "US_VISA", "requestId": 424238335, "operationId": 424238335, "driverConnectionId": 1, "serverConnectionId": 70, "serverHost": "localhost", "serverPort": 27017}
[ 2026-08-11 10:35:05,147 ] pymongo.command - DEBUG - {"message": "Command succeeded", "clientId": {"$oid": "6a7ad0a984d5010e0b091c90"}, "durationMS": 85.326, "reply": "{\"cursor\": {\"nextBatch\": [{\"_id\": {\"$oid\": \"6a795157a560056f566648a2\"}, \"case_id\": \"EZYV102\", \"continent\": \"Asia\", \"education_of_employee\": \"Master's\", \"has_job_experience\": \"Y\", \"requires_job_training\": \"N\", \"no_of_employees\": 334, \"yr_of_estab\": 2007, \"region_of_employment\": \"Midwest\", \"prevailing_wage\": 43421.88, \"unit_of_wage\": \"Year\", \"full_time_position\": \"Y\", \"case_status\": \"Certified\"}, {\"_id\": {\"$oid\": \"6a795157a560056f566648a3\"}, \"case_id\": \"EZYV103\", \"continent\": \"Asia\", \"education_of_employee\": \"Bachelor's\", \"has_job_experience\": \"Y\", \"requires_job_training\": \"N\", \"no_of_employees\": 224, \"yr_of_estab\": 2008, \"region_of_employment\": \"Midwest\", \"prevailing_wage\": 80253.78, \"unit_of_wage\": \"Year\", \"full_time_position\": \"Y\", \"case_status\": \"Certified\"}, {\"_id\": {\"$oid\": \"6a795157a560056f566648a4\"}, \"case_id\": \"EZYV104\", \"continent\": \"Asia\", \"education_of_employee\": \"Doctorate\", \"has_job_experience\": \"Y\", \"requires_job_training\": \"N\", \"no_of_employees\": 367, \"yr_of_estab\": 1982,...", "commandName": "getMore", "databaseName": "US_VISA", "requestId": 424238335, "operationId": 424238335, "driverConnectionId": 1, "serverConnectionId": 70, "serverHost": "localhost", "serverPort": 27017}
[ 2026-08-11 10:35:05,147 ] pymongo.connection - DEBUG - {"message": "Connection checked in", "clientId": {"$oid": "6a7ad0a984d5010e0b091c90"}, "serverHost": "localhost", "serverPort": 27017, "driverConnectionId": 1}
[ 2026-08-11 10:35:05,232 ] root - INFO - Shape of dataframe: (25480, 12)
[ 2026-08-11 10:35:05,233 ] root - INFO - Saving exported data into feature store file path: artifact/08_11_2026_10_35_03/data_ingestion/feature_store/usvisa.csv
[ 2026-08-11 10:35:05,316 ] root - INFO - Got the data from mongodb
[ 2026-08-11 10:35:05,316 ] root - INFO - Entered split_data_as_train_test method of Data_Ingestion class
[ 2026-08-11 10:35:05,324 ] root - INFO - Performed train test split on the dataframe
[ 2026-08-11 10:35:05,324 ] root - INFO - Exited split_data_as_train_test method of Data_Ingestion class
[ 2026-08-11 10:35:05,325 ] root - INFO - Exporting train and test file path.
[ 2026-08-11 10:35:05,406 ] root - INFO - Exported train and test file path.
[ 2026-08-11 10:35:05,407 ] root - INFO - Performed train test split on the dataset
[ 2026-08-11 10:35:05,407 ] root - INFO - Exited initiate_data_ingestion method of Data_Ingestion class
[ 2026-08-11 10:35:05,407 ] root - INFO - Data ingestion artifact: DataIngestionArtifact(trained_file_path='artifact/08_11_2026_10_35_03/data_ingestion/ingested/train.csv', test_file_path='artifact/08_11_2026_10_35_03/data_ingestion/ingested/test.csv')
[ 2026-08-11 10:35:05,407 ] root - INFO - Got the train_set and test_set from mongodb
[ 2026-08-11 10:35:05,407 ] root - INFO - Exited the start_data_ingestion method of TrainPipeline class
[ 2026-08-11 10:35:05,407 ] root - INFO - Entered the start_data_validation method of TrainPipeline class
[ 2026-08-11 10:35:05,410 ] root - INFO - Starting data validation
[ 2026-08-11 10:35:05,454 ] root - INFO - Is required column present: [True]
[ 2026-08-11 10:35:05,455 ] root - INFO - All required columns present in training dataframe: True
[ 2026-08-11 10:35:05,455 ] root - INFO - Is required column present: [True]
[ 2026-08-11 10:35:05,455 ] root - INFO - All required columns present in testing dataframe: True
[ 2026-08-11 10:35:06,883 ] root - INFO - 0/12 drift detected.
[ 2026-08-11 10:35:06,884 ] root - INFO - Data validation artifact: DataValidationArtifact(validation_status=True, message='Drift not detected', drift_report_file_path='artifact/08_11_2026_10_35_03/data_validation/drift_report/report.yaml')
[ 2026-08-11 10:35:06,884 ] root - INFO - Performed the data validation operation
[ 2026-08-11 10:35:06,884 ] root - INFO - Exited the start_data_validation method of TrainPipeline class
[ 2026-08-11 10:35:07,063 ] pymongo.topology - DEBUG - {"message": "Server heartbeat failed", "topologyId": {"$oid": "6a7ad0a984d5010e0b091c90"}, "serverHost": "localhost", "serverPort": 27017, "awaited": true, "durationMS": 2006.8379049989744, "failure": "\"_OperationCancelled('operation cancelled')\"", "driverConnectionId": 1}
