[ 2026-08-12 08:13:07,334 ] asyncio - DEBUG - Using selector: EpollSelector
[ 2026-08-12 08:13:08,891 ] root - INFO - Entered the start_data_ingestion method of TrainPipeline class
[ 2026-08-12 08:13:08,891 ] root - INFO - Getting the data from mongodb
[ 2026-08-12 08:13:08,891 ] root - INFO - Entered initiate_data_ingestion method of Data_Ingestion class
[ 2026-08-12 08:13:08,891 ] root - INFO - Exporting data from mongodb
[ 2026-08-12 08:13:08,893 ] pymongo.topology - DEBUG - {"message": "Starting topology monitoring", "topologyId": {"$oid": "6a7c00e425a494536afe1731"}}
[ 2026-08-12 08:13:08,893 ] pymongo.topology - DEBUG - {"message": "Topology description changed", "topologyId": {"$oid": "6a7c00e425a494536afe1731"}, "previousDescription": "<TopologyDescription id: 6a7c00e425a494536afe1731, topology_type: Unknown, servers: []>", "newDescription": "<TopologyDescription id: 6a7c00e425a494536afe1731, topology_type: Unknown, servers: [<ServerDescription ('localhost', 27017) server_type: Unknown, rtt: None>]>"}
[ 2026-08-12 08:13:08,893 ] pymongo.topology - DEBUG - {"message": "Starting server monitoring", "topologyId": {"$oid": "6a7c00e425a494536afe1731"}, "serverHost": "localhost", "serverPort": 27017}
[ 2026-08-12 08:13:08,895 ] pymongo.connection - DEBUG - {"message": "Connection pool created", "clientId": {"$oid": "6a7c00e425a494536afe1731"}, "serverHost": "localhost", "serverPort": 27017}
[ 2026-08-12 08:13:08,895 ] pymongo.topology - DEBUG - {"message": "Server heartbeat started", "topologyId": {"$oid": "6a7c00e425a494536afe1731"}, "driverConnectionId": 1, "serverHost": "localhost", "serverPort": 27017, "awaited": false}
[ 2026-08-12 08:13:08,896 ] root - INFO - MongoDB connection succesfull
[ 2026-08-12 08:13:08,896 ] pymongo.serverSelection - DEBUG - {"message": "Server selection started", "selector": "Primary()", "operation": "find", "topologyDescription": "<TopologyDescription id: 6a7c00e425a494536afe1731, topology_type: Unknown, servers: [<ServerDescription ('localhost', 27017) server_type: Unknown, rtt: None>]>", "clientId": {"$oid": "6a7c00e425a494536afe1731"}}
[ 2026-08-12 08:13:08,897 ] pymongo.topology - DEBUG - {"message": "Server heartbeat succeeded", "topologyId": {"$oid": "6a7c00e425a494536afe1731"}, "driverConnectionId": 1, "serverConnectionId": 20, "serverHost": "localhost", "serverPort": 27017, "awaited": false, "durationMS": 0.8720679998077685, "reply": "{\"helloOk\": true, \"ismaster\": true, \"topologyVersion\": {\"processId\": {\"$oid\": \"6a7bf5861101ffe5bc71b84b\"}}, \"maxBsonObjectSize\": 16777216, \"maxMessageSizeBytes\": 48000000, \"maxWriteBatchSize\": 100000, \"localTime\": {\"$date\": \"2026-08-12T05:13:08.896Z\"}, \"logicalSessionTimeoutMinutes\": 30, \"connectionId\": 20, \"maxWireVersion\": 25, \"ok\": 1.0}"}
[ 2026-08-12 08:13:08,897 ] pymongo.serverSelection - DEBUG - {"message": "Waiting for suitable server to become available", "selector": "Primary()", "operation": "find", "topologyDescription": "<TopologyDescription id: 6a7c00e425a494536afe1731, topology_type: Unknown, servers: [<ServerDescription ('localhost', 27017) server_type: Unknown, rtt: None>]>", "clientId": {"$oid": "6a7c00e425a494536afe1731"}, "remainingTimeMS": 29999}
[ 2026-08-12 08:13:08,897 ] pymongo.connection - DEBUG - {"message": "Connection pool ready", "clientId": {"$oid": "6a7c00e425a494536afe1731"}, "serverHost": "localhost", "serverPort": 27017}
[ 2026-08-12 08:13:08,898 ] pymongo.topology - DEBUG - {"message": "Topology description changed", "topologyId": {"$oid": "6a7c00e425a494536afe1731"}, "previousDescription": "<TopologyDescription id: 6a7c00e425a494536afe1731, topology_type: Unknown, servers: [<ServerDescription ('localhost', 27017) server_type: Unknown, rtt: None>]>", "newDescription": "<TopologyDescription id: 6a7c00e425a494536afe1731, topology_type: Single, servers: [<ServerDescription ('localhost', 27017) server_type: Standalone, rtt: 0.0008720679998077685>]>"}
[ 2026-08-12 08:13:08,898 ] pymongo.serverSelection - DEBUG - {"message": "Server selection succeeded", "selector": "Primary()", "operation": "find", "topologyDescription": "<TopologyDescription id: 6a7c00e425a494536afe1731, topology_type: Single, servers: [<ServerDescription ('localhost', 27017) server_type: Standalone, rtt: 0.0008720679998077685>]>", "clientId": {"$oid": "6a7c00e425a494536afe1731"}, "serverHost": "localhost", "serverPort": 27017}
[ 2026-08-12 08:13:08,898 ] pymongo.topology - DEBUG - {"message": "Server heartbeat started", "topologyId": {"$oid": "6a7c00e425a494536afe1731"}, "driverConnectionId": 1, "serverConnectionId": 20, "serverHost": "localhost", "serverPort": 27017, "awaited": true}
[ 2026-08-12 08:13:08,899 ] pymongo.connection - DEBUG - {"message": "Connection checkout started", "clientId": {"$oid": "6a7c00e425a494536afe1731"}, "serverHost": "localhost", "serverPort": 27017}
[ 2026-08-12 08:13:08,899 ] pymongo.connection - DEBUG - {"message": "Connection created", "clientId": {"$oid": "6a7c00e425a494536afe1731"}, "serverHost": "localhost", "serverPort": 27017, "driverConnectionId": 1}
[ 2026-08-12 08:13:08,900 ] pymongo.connection - DEBUG - {"message": "Connection ready", "clientId": {"$oid": "6a7c00e425a494536afe1731"}, "serverHost": "localhost", "serverPort": 27017, "driverConnectionId": 1, "durationMS": 0.00024844300060067326}
[ 2026-08-12 08:13:08,900 ] pymongo.connection - DEBUG - {"message": "Connection checked out", "clientId": {"$oid": "6a7c00e425a494536afe1731"}, "serverHost": "localhost", "serverPort": 27017, "driverConnectionId": 1, "durationMS": 0.0013820619988109684}
[ 2026-08-12 08:13:08,900 ] pymongo.command - DEBUG - {"message": "Command started", "clientId": {"$oid": "6a7c00e425a494536afe1731"}, "command": "{\"find\": \"visa_data\", \"lsid\": {\"id\": {\"$binary\": {\"base64\": \"i2zINakwTcmgUV67+1kG0Q==\", \"subType\": \"04\"}}}, \"$db\": \"US_VISA\"}", "commandName": "find", "databaseName": "US_VISA", "requestId": 1957747793, "operationId": 1957747793, "driverConnectionId": 1, "serverConnectionId": 22, "serverHost": "localhost", "serverPort": 27017}
[ 2026-08-12 08:13:08,901 ] pymongo.command - DEBUG - {"message": "Command succeeded", "clientId": {"$oid": "6a7c00e425a494536afe1731"}, "durationMS": 1.037, "reply": "{\"cursor\": {\"firstBatch\": [{\"_id\": {\"$oid\": \"6a795157a560056f5666483d\"}, \"case_id\": \"EZYV01\", \"continent\": \"Asia\", \"education_of_employee\": \"High School\", \"has_job_experience\": \"N\", \"requires_job_training\": \"N\", \"no_of_employees\": 14513, \"yr_of_estab\": 2007, \"region_of_employment\": \"West\", \"prevailing_wage\": 592.2029, \"unit_of_wage\": \"Hour\", \"full_time_position\": \"Y\", \"case_status\": \"Denied\"}, {\"_id\": {\"$oid\": \"6a795157a560056f5666483e\"}, \"case_id\": \"EZYV02\", \"continent\": \"Asia\", \"education_of_employee\": \"Master's\", \"has_job_experience\": \"Y\", \"requires_job_training\": \"N\", \"no_of_employees\": 2412, \"yr_of_estab\": 2002, \"region_of_employment\": \"Northeast\", \"prevailing_wage\": 83425.65, \"unit_of_wage\": \"Year\", \"full_time_position\": \"Y\", \"case_status\": \"Certified\"}, {\"_id\": {\"$oid\": \"6a795157a560056f5666483f\"}, \"case_id\": \"EZYV03\", \"continent\": \"Asia\", \"education_of_employee\": \"Bachelor's\", \"has_job_experience\": \"N\", \"requires_job_training\": \"Y\", \"no_of_employees\": 44444, \"yr_of_estab\": 2008...", "commandName": "find", "databaseName": "US_VISA", "requestId": 1957747793, "operationId": 1957747793, "driverConnectionId": 1, "serverConnectionId": 22, "serverHost": "localhost", "serverPort": 27017}
[ 2026-08-12 08:13:08,902 ] pymongo.connection - DEBUG - {"message": "Connection checked in", "clientId": {"$oid": "6a7c00e425a494536afe1731"}, "serverHost": "localhost", "serverPort": 27017, "driverConnectionId": 1}
[ 2026-08-12 08:13:08,902 ] pymongo.serverSelection - DEBUG - {"message": "Server selection started", "selector": "<function any_server_selector at 0x79e2522294e0>", "operation": "getMore", "topologyDescription": "<TopologyDescription id: 6a7c00e425a494536afe1731, topology_type: Single, servers: [<ServerDescription ('localhost', 27017) server_type: Standalone, rtt: 0.0008720679998077685>]>", "clientId": {"$oid": "6a7c00e425a494536afe1731"}}
[ 2026-08-12 08:13:08,903 ] pymongo.serverSelection - DEBUG - {"message": "Server selection succeeded", "selector": "<function any_server_selector at 0x79e2522294e0>", "operation": "getMore", "topologyDescription": "<TopologyDescription id: 6a7c00e425a494536afe1731, topology_type: Single, servers: [<ServerDescription ('localhost', 27017) server_type: Standalone, rtt: 0.0008720679998077685>]>", "clientId": {"$oid": "6a7c00e425a494536afe1731"}, "serverHost": "localhost", "serverPort": 27017}
[ 2026-08-12 08:13:08,903 ] pymongo.connection - DEBUG - {"message": "Connection checkout started", "clientId": {"$oid": "6a7c00e425a494536afe1731"}, "serverHost": "localhost", "serverPort": 27017}
[ 2026-08-12 08:13:08,903 ] pymongo.connection - DEBUG - {"message": "Connection checked out", "clientId": {"$oid": "6a7c00e425a494536afe1731"}, "serverHost": "localhost", "serverPort": 27017, "driverConnectionId": 1, "durationMS": 0.00017560899868840352}
[ 2026-08-12 08:13:08,903 ] pymongo.command - DEBUG - {"message": "Command started", "clientId": {"$oid": "6a7c00e425a494536afe1731"}, "command": "{\"getMore\": 7322350022211953649, \"collection\": \"visa_data\", \"lsid\": {\"id\": {\"$binary\": {\"base64\": \"i2zINakwTcmgUV67+1kG0Q==\", \"subType\": \"04\"}}}, \"$db\": \"US_VISA\"}", "commandName": "getMore", "databaseName": "US_VISA", "requestId": 424238335, "operationId": 424238335, "driverConnectionId": 1, "serverConnectionId": 22, "serverHost": "localhost", "serverPort": 27017}
[ 2026-08-12 08:13:09,001 ] pymongo.command - DEBUG - {"message": "Command succeeded", "clientId": {"$oid": "6a7c00e425a494536afe1731"}, "durationMS": 97.91900000000001, "reply": "{\"cursor\": {\"nextBatch\": [{\"_id\": {\"$oid\": \"6a795157a560056f566648a2\"}, \"case_id\": \"EZYV102\", \"continent\": \"Asia\", \"education_of_employee\": \"Master's\", \"has_job_experience\": \"Y\", \"requires_job_training\": \"N\", \"no_of_employees\": 334, \"yr_of_estab\": 2007, \"region_of_employment\": \"Midwest\", \"prevailing_wage\": 43421.88, \"unit_of_wage\": \"Year\", \"full_time_position\": \"Y\", \"case_status\": \"Certified\"}, {\"_id\": {\"$oid\": \"6a795157a560056f566648a3\"}, \"case_id\": \"EZYV103\", \"continent\": \"Asia\", \"education_of_employee\": \"Bachelor's\", \"has_job_experience\": \"Y\", \"requires_job_training\": \"N\", \"no_of_employees\": 224, \"yr_of_estab\": 2008, \"region_of_employment\": \"Midwest\", \"prevailing_wage\": 80253.78, \"unit_of_wage\": \"Year\", \"full_time_position\": \"Y\", \"case_status\": \"Certified\"}, {\"_id\": {\"$oid\": \"6a795157a560056f566648a4\"}, \"case_id\": \"EZYV104\", \"continent\": \"Asia\", \"education_of_employee\": \"Doctorate\", \"has_job_experience\": \"Y\", \"requires_job_training\": \"N\", \"no_of_employees\": 367, \"yr_of_estab\": 1982,...", "commandName": "getMore", "databaseName": "US_VISA", "requestId": 424238335, "operationId": 424238335, "driverConnectionId": 1, "serverConnectionId": 22, "serverHost": "localhost", "serverPort": 27017}
[ 2026-08-12 08:13:09,002 ] pymongo.connection - DEBUG - {"message": "Connection checked in", "clientId": {"$oid": "6a7c00e425a494536afe1731"}, "serverHost": "localhost", "serverPort": 27017, "driverConnectionId": 1}
[ 2026-08-12 08:13:09,113 ] root - INFO - Shape of dataframe: (25480, 12)
[ 2026-08-12 08:13:09,114 ] root - INFO - Saving exported data into feature store file path: artifact/08_12_2026_08_13_06/data_ingestion/feature_store/usvisa.csv
[ 2026-08-12 08:13:09,215 ] root - INFO - Got the data from mongodb
[ 2026-08-12 08:13:09,215 ] root - INFO - Entered split_data_as_train_test method of Data_Ingestion class
[ 2026-08-12 08:13:09,224 ] root - INFO - Performed train test split on the dataframe
[ 2026-08-12 08:13:09,224 ] root - INFO - Exited split_data_as_train_test method of Data_Ingestion class
[ 2026-08-12 08:13:09,224 ] root - INFO - Exporting train and test file path.
[ 2026-08-12 08:13:09,319 ] root - INFO - Exported train and test file path.
[ 2026-08-12 08:13:09,320 ] root - INFO - Performed train test split on the dataset
[ 2026-08-12 08:13:09,320 ] root - INFO - Exited initiate_data_ingestion method of Data_Ingestion class
[ 2026-08-12 08:13:09,320 ] root - INFO - Data ingestion artifact: DataIngestionArtifact(trained_file_path='artifact/08_12_2026_08_13_06/data_ingestion/ingested/train.csv', test_file_path='artifact/08_12_2026_08_13_06/data_ingestion/ingested/test.csv')
[ 2026-08-12 08:13:09,320 ] root - INFO - Got the train_set and test_set from mongodb
[ 2026-08-12 08:13:09,320 ] root - INFO - Exited the start_data_ingestion method of TrainPipeline class
[ 2026-08-12 08:13:09,320 ] root - INFO - Entered the start_data_validation method of TrainPipeline class
[ 2026-08-12 08:13:09,323 ] root - INFO - Starting data validation
[ 2026-08-12 08:13:09,378 ] root - INFO - Is required column present: [True]
[ 2026-08-12 08:13:09,378 ] root - INFO - All required columns present in training dataframe: True
[ 2026-08-12 08:13:09,378 ] root - INFO - Is required column present: [True]
[ 2026-08-12 08:13:09,378 ] root - INFO - All required columns present in testing dataframe: True
[ 2026-08-12 08:13:10,948 ] root - INFO - 0/12 drift detected.
[ 2026-08-12 08:13:10,950 ] root - INFO - Data validation artifact: DataValidationArtifact(validation_status=True, message='Drift not detected', drift_report_file_path='artifact/08_12_2026_08_13_06/data_validation/drift_report/report.yaml')
[ 2026-08-12 08:13:10,950 ] root - INFO - Performed the data validation operation
[ 2026-08-12 08:13:10,950 ] root - INFO - Exited the start_data_validation method of TrainPipeline class
[ 2026-08-12 08:13:11,409 ] pymongo.topology - DEBUG - {"message": "Server heartbeat failed", "topologyId": {"$oid": "6a7c00e425a494536afe1731"}, "serverHost": "localhost", "serverPort": 27017, "awaited": true, "durationMS": 2511.0467199992854, "failure": "\"_OperationCancelled('operation cancelled')\"", "driverConnectionId": 1}
