[ 2026-08-11 10:33:19,087 ] asyncio - DEBUG - Using selector: EpollSelector
[ 2026-08-11 10:33:20,923 ] root - INFO - Entered the start_data_ingestion method of TrainPipeline class
[ 2026-08-11 10:33:20,924 ] root - INFO - Getting the data from mongodb
[ 2026-08-11 10:33:20,924 ] root - INFO - Entered initiate_data_ingestion method of Data_Ingestion class
[ 2026-08-11 10:33:20,924 ] root - INFO - Exporting data from mongodb
[ 2026-08-11 10:33:20,927 ] pymongo.topology - DEBUG - {"message": "Starting topology monitoring", "topologyId": {"$oid": "6a7ad040480841fc6cdfd44d"}}
[ 2026-08-11 10:33:20,928 ] pymongo.topology - DEBUG - {"message": "Topology description changed", "topologyId": {"$oid": "6a7ad040480841fc6cdfd44d"}, "previousDescription": "<TopologyDescription id: 6a7ad040480841fc6cdfd44d, topology_type: Unknown, servers: []>", "newDescription": "<TopologyDescription id: 6a7ad040480841fc6cdfd44d, topology_type: Unknown, servers: [<ServerDescription ('localhost', 27017) server_type: Unknown, rtt: None>]>"}
[ 2026-08-11 10:33:20,929 ] pymongo.topology - DEBUG - {"message": "Starting server monitoring", "topologyId": {"$oid": "6a7ad040480841fc6cdfd44d"}, "serverHost": "localhost", "serverPort": 27017}
[ 2026-08-11 10:33:20,930 ] pymongo.connection - DEBUG - {"message": "Connection pool created", "clientId": {"$oid": "6a7ad040480841fc6cdfd44d"}, "serverHost": "localhost", "serverPort": 27017}
[ 2026-08-11 10:33:20,931 ] pymongo.topology - DEBUG - {"message": "Server heartbeat started", "topologyId": {"$oid": "6a7ad040480841fc6cdfd44d"}, "driverConnectionId": 1, "serverHost": "localhost", "serverPort": 27017, "awaited": false}
[ 2026-08-11 10:33:20,931 ] root - INFO - MongoDB connection succesfull
[ 2026-08-11 10:33:20,932 ] pymongo.serverSelection - DEBUG - {"message": "Server selection started", "selector": "Primary()", "operation": "find", "topologyDescription": "<TopologyDescription id: 6a7ad040480841fc6cdfd44d, topology_type: Unknown, servers: [<ServerDescription ('localhost', 27017) server_type: Unknown, rtt: None>]>", "clientId": {"$oid": "6a7ad040480841fc6cdfd44d"}}
[ 2026-08-11 10:33:20,932 ] pymongo.serverSelection - DEBUG - {"message": "Waiting for suitable server to become available", "selector": "Primary()", "operation": "find", "topologyDescription": "<TopologyDescription id: 6a7ad040480841fc6cdfd44d, topology_type: Unknown, servers: [<ServerDescription ('localhost', 27017) server_type: Unknown, rtt: None>]>", "clientId": {"$oid": "6a7ad040480841fc6cdfd44d"}, "remainingTimeMS": 29999}
[ 2026-08-11 10:33:20,932 ] pymongo.topology - DEBUG - {"message": "Server heartbeat succeeded", "topologyId": {"$oid": "6a7ad040480841fc6cdfd44d"}, "driverConnectionId": 1, "serverConnectionId": 65, "serverHost": "localhost", "serverPort": 27017, "awaited": false, "durationMS": 1.0297540029569063, "reply": "{\"helloOk\": true, \"ismaster\": true, \"topologyVersion\": {\"processId\": {\"$oid\": \"6a7acf7b5f7d1dc63005b051\"}}, \"maxBsonObjectSize\": 16777216, \"maxMessageSizeBytes\": 48000000, \"maxWriteBatchSize\": 100000, \"localTime\": {\"$date\": \"2026-08-11T07:33:20.932Z\"}, \"logicalSessionTimeoutMinutes\": 30, \"connectionId\": 65, \"maxWireVersion\": 25, \"ok\": 1.0}"}
[ 2026-08-11 10:33:20,933 ] pymongo.connection - DEBUG - {"message": "Connection pool ready", "clientId": {"$oid": "6a7ad040480841fc6cdfd44d"}, "serverHost": "localhost", "serverPort": 27017}
[ 2026-08-11 10:33:20,933 ] pymongo.topology - DEBUG - {"message": "Topology description changed", "topologyId": {"$oid": "6a7ad040480841fc6cdfd44d"}, "previousDescription": "<TopologyDescription id: 6a7ad040480841fc6cdfd44d, topology_type: Unknown, servers: [<ServerDescription ('localhost', 27017) server_type: Unknown, rtt: None>]>", "newDescription": "<TopologyDescription id: 6a7ad040480841fc6cdfd44d, topology_type: Single, servers: [<ServerDescription ('localhost', 27017) server_type: Standalone, rtt: 0.0010297540029569063>]>"}
[ 2026-08-11 10:33:20,933 ] pymongo.serverSelection - DEBUG - {"message": "Server selection succeeded", "selector": "Primary()", "operation": "find", "topologyDescription": "<TopologyDescription id: 6a7ad040480841fc6cdfd44d, topology_type: Single, servers: [<ServerDescription ('localhost', 27017) server_type: Standalone, rtt: 0.0010297540029569063>]>", "clientId": {"$oid": "6a7ad040480841fc6cdfd44d"}, "serverHost": "localhost", "serverPort": 27017}
[ 2026-08-11 10:33:20,934 ] pymongo.connection - DEBUG - {"message": "Connection checkout started", "clientId": {"$oid": "6a7ad040480841fc6cdfd44d"}, "serverHost": "localhost", "serverPort": 27017}
[ 2026-08-11 10:33:20,934 ] pymongo.topology - DEBUG - {"message": "Server heartbeat started", "topologyId": {"$oid": "6a7ad040480841fc6cdfd44d"}, "driverConnectionId": 1, "serverConnectionId": 65, "serverHost": "localhost", "serverPort": 27017, "awaited": true}
[ 2026-08-11 10:33:20,934 ] pymongo.connection - DEBUG - {"message": "Connection created", "clientId": {"$oid": "6a7ad040480841fc6cdfd44d"}, "serverHost": "localhost", "serverPort": 27017, "driverConnectionId": 1}
[ 2026-08-11 10:33:20,935 ] pymongo.connection - DEBUG - {"message": "Connection ready", "clientId": {"$oid": "6a7ad040480841fc6cdfd44d"}, "serverHost": "localhost", "serverPort": 27017, "driverConnectionId": 1, "durationMS": 0.00028530800045700744}
[ 2026-08-11 10:33:20,935 ] pymongo.connection - DEBUG - {"message": "Connection checked out", "clientId": {"$oid": "6a7ad040480841fc6cdfd44d"}, "serverHost": "localhost", "serverPort": 27017, "driverConnectionId": 1, "durationMS": 0.001711575998342596}
[ 2026-08-11 10:33:20,936 ] pymongo.command - DEBUG - {"message": "Command started", "clientId": {"$oid": "6a7ad040480841fc6cdfd44d"}, "command": "{\"find\": \"visa_data\", \"lsid\": {\"id\": {\"$binary\": {\"base64\": \"Aqzv9AYvS9y4OFDYp7NLiw==\", \"subType\": \"04\"}}}, \"$db\": \"US_VISA\"}", "commandName": "find", "databaseName": "US_VISA", "requestId": 1957747793, "operationId": 1957747793, "driverConnectionId": 1, "serverConnectionId": 67, "serverHost": "localhost", "serverPort": 27017}
[ 2026-08-11 10:33:20,937 ] pymongo.command - DEBUG - {"message": "Command succeeded", "clientId": {"$oid": "6a7ad040480841fc6cdfd44d"}, "durationMS": 1.1280000000000001, "reply": "{\"cursor\": {\"firstBatch\": [{\"_id\": {\"$oid\": \"6a795157a560056f5666483d\"}, \"case_id\": \"EZYV01\", \"continent\": \"Asia\", \"education_of_employee\": \"High School\", \"has_job_experience\": \"N\", \"requires_job_training\": \"N\", \"no_of_employees\": 14513, \"yr_of_estab\": 2007, \"region_of_employment\": \"West\", \"prevailing_wage\": 592.2029, \"unit_of_wage\": \"Hour\", \"full_time_position\": \"Y\", \"case_status\": \"Denied\"}, {\"_id\": {\"$oid\": \"6a795157a560056f5666483e\"}, \"case_id\": \"EZYV02\", \"continent\": \"Asia\", \"education_of_employee\": \"Master's\", \"has_job_experience\": \"Y\", \"requires_job_training\": \"N\", \"no_of_employees\": 2412, \"yr_of_estab\": 2002, \"region_of_employment\": \"Northeast\", \"prevailing_wage\": 83425.65, \"unit_of_wage\": \"Year\", \"full_time_position\": \"Y\", \"case_status\": \"Certified\"}, {\"_id\": {\"$oid\": \"6a795157a560056f5666483f\"}, \"case_id\": \"EZYV03\", \"continent\": \"Asia\", \"education_of_employee\": \"Bachelor's\", \"has_job_experience\": \"N\", \"requires_job_training\": \"Y\", \"no_of_employees\": 44444, \"yr_of_estab\": 2008...", "commandName": "find", "databaseName": "US_VISA", "requestId": 1957747793, "operationId": 1957747793, "driverConnectionId": 1, "serverConnectionId": 67, "serverHost": "localhost", "serverPort": 27017}
[ 2026-08-11 10:33:20,937 ] pymongo.connection - DEBUG - {"message": "Connection checked in", "clientId": {"$oid": "6a7ad040480841fc6cdfd44d"}, "serverHost": "localhost", "serverPort": 27017, "driverConnectionId": 1}
[ 2026-08-11 10:33:20,937 ] pymongo.serverSelection - DEBUG - {"message": "Server selection started", "selector": "<function any_server_selector at 0x7ccdcf976660>", "operation": "getMore", "topologyDescription": "<TopologyDescription id: 6a7ad040480841fc6cdfd44d, topology_type: Single, servers: [<ServerDescription ('localhost', 27017) server_type: Standalone, rtt: 0.0010297540029569063>]>", "clientId": {"$oid": "6a7ad040480841fc6cdfd44d"}}
[ 2026-08-11 10:33:20,938 ] pymongo.serverSelection - DEBUG - {"message": "Server selection succeeded", "selector": "<function any_server_selector at 0x7ccdcf976660>", "operation": "getMore", "topologyDescription": "<TopologyDescription id: 6a7ad040480841fc6cdfd44d, topology_type: Single, servers: [<ServerDescription ('localhost', 27017) server_type: Standalone, rtt: 0.0010297540029569063>]>", "clientId": {"$oid": "6a7ad040480841fc6cdfd44d"}, "serverHost": "localhost", "serverPort": 27017}
[ 2026-08-11 10:33:20,938 ] pymongo.connection - DEBUG - {"message": "Connection checkout started", "clientId": {"$oid": "6a7ad040480841fc6cdfd44d"}, "serverHost": "localhost", "serverPort": 27017}
[ 2026-08-11 10:33:20,938 ] pymongo.connection - DEBUG - {"message": "Connection checked out", "clientId": {"$oid": "6a7ad040480841fc6cdfd44d"}, "serverHost": "localhost", "serverPort": 27017, "driverConnectionId": 1, "durationMS": 0.0001526079977338668}
[ 2026-08-11 10:33:20,938 ] pymongo.command - DEBUG - {"message": "Command started", "clientId": {"$oid": "6a7ad040480841fc6cdfd44d"}, "command": "{\"getMore\": 2145379658686315666, \"collection\": \"visa_data\", \"lsid\": {\"id\": {\"$binary\": {\"base64\": \"Aqzv9AYvS9y4OFDYp7NLiw==\", \"subType\": \"04\"}}}, \"$db\": \"US_VISA\"}", "commandName": "getMore", "databaseName": "US_VISA", "requestId": 424238335, "operationId": 424238335, "driverConnectionId": 1, "serverConnectionId": 67, "serverHost": "localhost", "serverPort": 27017}
[ 2026-08-11 10:33:21,072 ] pymongo.command - DEBUG - {"message": "Command succeeded", "clientId": {"$oid": "6a7ad040480841fc6cdfd44d"}, "durationMS": 133.536, "reply": "{\"cursor\": {\"nextBatch\": [{\"_id\": {\"$oid\": \"6a795157a560056f566648a2\"}, \"case_id\": \"EZYV102\", \"continent\": \"Asia\", \"education_of_employee\": \"Master's\", \"has_job_experience\": \"Y\", \"requires_job_training\": \"N\", \"no_of_employees\": 334, \"yr_of_estab\": 2007, \"region_of_employment\": \"Midwest\", \"prevailing_wage\": 43421.88, \"unit_of_wage\": \"Year\", \"full_time_position\": \"Y\", \"case_status\": \"Certified\"}, {\"_id\": {\"$oid\": \"6a795157a560056f566648a3\"}, \"case_id\": \"EZYV103\", \"continent\": \"Asia\", \"education_of_employee\": \"Bachelor's\", \"has_job_experience\": \"Y\", \"requires_job_training\": \"N\", \"no_of_employees\": 224, \"yr_of_estab\": 2008, \"region_of_employment\": \"Midwest\", \"prevailing_wage\": 80253.78, \"unit_of_wage\": \"Year\", \"full_time_position\": \"Y\", \"case_status\": \"Certified\"}, {\"_id\": {\"$oid\": \"6a795157a560056f566648a4\"}, \"case_id\": \"EZYV104\", \"continent\": \"Asia\", \"education_of_employee\": \"Doctorate\", \"has_job_experience\": \"Y\", \"requires_job_training\": \"N\", \"no_of_employees\": 367, \"yr_of_estab\": 1982,...", "commandName": "getMore", "databaseName": "US_VISA", "requestId": 424238335, "operationId": 424238335, "driverConnectionId": 1, "serverConnectionId": 67, "serverHost": "localhost", "serverPort": 27017}
[ 2026-08-11 10:33:21,072 ] pymongo.connection - DEBUG - {"message": "Connection checked in", "clientId": {"$oid": "6a7ad040480841fc6cdfd44d"}, "serverHost": "localhost", "serverPort": 27017, "driverConnectionId": 1}
[ 2026-08-11 10:33:21,222 ] root - INFO - Shape of dataframe: (25480, 12)
[ 2026-08-11 10:33:21,223 ] root - INFO - Saving exported data into feature store file path: artifact/08_11_2026_10_33_18/data_ingestion/feature_store/usvisa.csv
[ 2026-08-11 10:33:21,345 ] root - INFO - Got the data from mongodb
[ 2026-08-11 10:33:21,345 ] root - INFO - Entered split_data_as_train_test method of Data_Ingestion class
[ 2026-08-11 10:33:21,390 ] root - INFO - Performed train test split on the dataframe
[ 2026-08-11 10:33:21,390 ] root - INFO - Exited split_data_as_train_test method of Data_Ingestion class
[ 2026-08-11 10:33:21,390 ] root - INFO - Exporting train and test file path.
[ 2026-08-11 10:33:21,538 ] root - INFO - Exported train and test file path.
[ 2026-08-11 10:33:21,539 ] root - INFO - Performed train test split on the dataset
[ 2026-08-11 10:33:21,539 ] root - INFO - Exited initiate_data_ingestion method of Data_Ingestion class
[ 2026-08-11 10:33:21,539 ] root - INFO - Data ingestion artifact: DataIngestionArtifact(trained_file_path='artifact/08_11_2026_10_33_18/data_ingestion/ingested/train.csv', test_file_path='artifact/08_11_2026_10_33_18/data_ingestion/ingested/test.csv')
[ 2026-08-11 10:33:21,539 ] root - INFO - Got the train_set and test_set from mongodb
[ 2026-08-11 10:33:21,539 ] root - INFO - Exited the start_data_ingestion method of TrainPipeline class
[ 2026-08-11 10:33:21,539 ] root - INFO - Entered the start_data_validation method of TrainPipeline class
[ 2026-08-11 10:33:21,544 ] root - INFO - Starting data validation
[ 2026-08-11 10:33:21,672 ] root - INFO - Is required column present: [True]
[ 2026-08-11 10:33:21,673 ] root - INFO - All required columns present in training dataframe: True
[ 2026-08-11 10:33:21,674 ] root - INFO - Is required column present: [True]
[ 2026-08-11 10:33:21,674 ] root - INFO - All required columns present in testing dataframe: True
[ 2026-08-11 10:33:23,874 ] root - INFO - 0/12 drift detected.
[ 2026-08-11 10:33:23,877 ] root - INFO - Data validation artifact: DataValidationArtifact(validation_status=True, message='Drift not detected', drift_report_file_path='artifact/08_11_2026_10_33_18/data_validation/drift_report/report.yaml')
[ 2026-08-11 10:33:23,878 ] root - INFO - Performed the data validation operation
[ 2026-08-11 10:33:23,879 ] root - INFO - Exited the start_data_validation method of TrainPipeline class
[ 2026-08-11 10:33:23,959 ] pymongo.topology - DEBUG - {"message": "Server heartbeat failed", "topologyId": {"$oid": "6a7ad040480841fc6cdfd44d"}, "serverHost": "localhost", "serverPort": 27017, "awaited": true, "durationMS": 3025.0402620004024, "failure": "\"_OperationCancelled('operation cancelled')\"", "driverConnectionId": 1}
